	Comments are lines starting with a tab character.
	Empty lines are also ignored.
	
	The format is the following:
	<filename>{<tab><timeout><tab><error code><tab><success message if error_code=0, empty otherwise><tab><options>}+

	Unknown
	-------
	NOTE this seems slow with polyhedra
	NOTE: what is this test?
tests/termination/mine.c	1s	0	UNKNOWN	-termination	1s	0	UNKNOWN	-termination -domain octagons	5s	0	UNKNOWN	-termination -domain polyhedra

	Non-terminating
	---------------
tests/ctl/koskinen/acqrel_mod.c	1s	0	UNKNOWN	-termination	1s	0	UNKNOWN	-termination -domain octagons	1s	0	UNKNOWN	-termination -domain polyhedra
tests/ctl/koskinen/acqrel.c	1s	0	UNKNOWN	-termination	1s	0	UNKNOWN	-termination -domain octagons	1s	0	UNKNOWN	-termination -domain polyhedra
tests/ctl/koskinen/toylin1.c	1s	0	UNKNOWN	-termination	1s	0	UNKNOWN	-termination -domain octagons	1s	0	UNKNOWN	-termination -domain polyhedra
tests/ctl/koskinen/win4.c	1s	0	UNKNOWN	-termination	1s	0	UNKNOWN	-termination -domain octagons	1s	0	UNKNOWN	-termination -domain polyhedra
tests/ctl/ltl_automizer/cav2015.c	1s	0	UNKNOWN	-termination	1s	0	UNKNOWN	-termination -domain octagons	1s	0	UNKNOWN	-termination -domain polyhedra
tests/ctl/ltl_automizer/nestedRandomLoop_true-valid-ltl.c	1s	0	UNKNOWN	-termination	1s	0	UNKNOWN	-termination -domain octagons	1s	0	UNKNOWN	-termination -domain polyhedra
tests/ctl/ltl_automizer/PotentialMinimizeSEVPABug.c	1s	0	UNKNOWN	-termination	1s	0	UNKNOWN	-termination -domain octagons	1s	0	UNKNOWN	-termination -domain polyhedra
tests/ctl/ltl_automizer/simple-1.c	1s	0	UNKNOWN	-termination	1s	0	UNKNOWN	-termination -domain octagons	1s	0	UNKNOWN	-termination -domain polyhedra
tests/ctl/ltl_automizer/someNonterminating.c	1s	0	UNKNOWN	-termination	1s	0	UNKNOWN	-termination -domain octagons	1s	0	UNKNOWN	-termination -domain polyhedra
tests/ctl/ltl_automizer/timer-simple.c	1s	0	UNKNOWN	-termination	1s	0	UNKNOWN	-termination -domain octagons	1s	0	UNKNOWN	-termination -domain polyhedra
tests/ctl/ltl_automizer/togglecounter_true-valid-ltl.c	1s	0	UNKNOWN	-termination	1s	0	UNKNOWN	-termination -domain octagons	1s	0	UNKNOWN	-termination -domain polyhedra
tests/ctl/ltl_automizer/toggletoggle_true-valid-ltl.c	1s	0	UNKNOWN	-termination	1s	0	UNKNOWN	-termination -domain octagons	1s	0	UNKNOWN	-termination -domain polyhedra
tests/ctl/report/test_existential2.c	1s	0	UNKNOWN	-termination	1s	0	UNKNOWN	-termination -domain octagons	1s	0	UNKNOWN	-termination -domain polyhedra
tests/ctl/report/test_global.c	1s	0	UNKNOWN	-termination	1s	0	UNKNOWN	-termination -domain octagons	1s	0	UNKNOWN	-termination -domain polyhedra
tests/ctl/sv_comp/Bangalore_false-no-overflow.c	1s	0	UNKNOWN	-termination	1s	0	UNKNOWN	-termination -domain octagons	1s	0	UNKNOWN	-termination -domain polyhedra
tests/ctl/sv_comp/Ex02_false-termination_true-no-overflow.c	1s	0	UNKNOWN	-termination	1s	0	UNKNOWN	-termination -domain octagons	1s	0	UNKNOWN	-termination -domain polyhedra
tests/ctl/sv_comp/Ex07_false-termination_true-no-overflow.c	1s	0	UNKNOWN	-termination	1s	0	UNKNOWN	-termination -domain octagons	1s	0	UNKNOWN	-termination -domain polyhedra
tests/ctl/sv_comp/Madrid_true-no-overflow_false-termination_true-valid-memsafety.c	1s	0	UNKNOWN	-termination	1s	0	UNKNOWN	-termination -domain octagons	1s	0	UNKNOWN	-termination -domain polyhedra
tests/ctl/sv_comp/NO_02_false-termination_true-no-overflow.c	1s	0	UNKNOWN	-termination	1s	0	UNKNOWN	-termination -domain octagons	1s	0	UNKNOWN	-termination -domain polyhedra
tests/ctl/t2_cav13/P3.c	1s	0	UNKNOWN	-termination	1s	0	UNKNOWN	-termination -domain octagons	1s	0	UNKNOWN	-termination -domain polyhedra
tests/ctl/t2_cav13/P4.c	1s	0	UNKNOWN	-termination	1s	0	UNKNOWN	-termination -domain octagons	1s	0	UNKNOWN	-termination -domain polyhedra
tests/ctl/and_test.c	1s	0	UNKNOWN	-termination	1s	0	UNKNOWN	-termination -domain octagons	1s	0	UNKNOWN	-termination -domain polyhedra
tests/ctl/fin_ex.c	1s	0	UNKNOWN	-termination	1s	0	UNKNOWN	-termination -domain octagons	1s	0	UNKNOWN	-termination -domain polyhedra
tests/ctl/global_test_simple.c	1s	0	UNKNOWN	-termination	1s	0	UNKNOWN	-termination -domain octagons	1s	0	UNKNOWN	-termination -domain polyhedra
tests/ctl/or_test.c	1s	0	UNKNOWN	-termination	1s	0	UNKNOWN	-termination -domain octagons	1s	0	UNKNOWN	-termination -domain polyhedra
tests/ctl/potential_termination_1.c	1s	0	UNKNOWN	-termination	1s	0	UNKNOWN	-termination -domain octagons	1s	0	UNKNOWN	-termination -domain polyhedra
tests/ctl/until_existential.c	1s	0	UNKNOWN	-termination	1s	0	UNKNOWN	-termination -domain octagons	1s	0	UNKNOWN	-termination -domain polyhedra
	TODO: add guarantee testing
tests/guarantee/countdown.c	1s	0	UNKNOWN	-termination	1s	0	UNKNOWN	-termination -domain octagons	1s	0	UNKNOWN	-termination -domain polyhedra
tests/guarantee/mnav.c	1s	0	UNKNOWN	-termination	1s	0	UNKNOWN	-termination -domain octagons	1s	0	UNKNOWN	-termination -domain polyhedra
tests/guarantee/peterson.c	1s	0	UNKNOWN	-termination	1s	0	UNKNOWN	-termination -domain octagons	1s	0	UNKNOWN	-termination -domain polyhedra
tests/guarantee/simple.c	1s	0	UNKNOWN	-termination	1s	0	UNKNOWN	-termination -domain octagons	1s	0	UNKNOWN	-termination -domain polyhedra
tests/guarantee/sink.c	1s	0	UNKNOWN	-termination	1s	0	UNKNOWN	-termination -domain octagons	1s	0	UNKNOWN	-termination -domain polyhedra
tests/robust/sv_comp/witness/bin.c	1s	0	UNKNOWN	-termination	1s	0	UNKNOWN	-termination -domain octagons	1s	0	UNKNOWN	-termination -domain polyhedra
tests/robust/sv_comp/witness/sv_for1.c	1s	0	UNKNOWN	-termination	1s	0	UNKNOWN	-termination -domain octagons	1s	0	UNKNOWN	-termination -domain polyhedra
tests/sv_termination_restricted/AlternDivWide_false-termination.c	1s	0	UNKNOWN	-termination	1s	0	UNKNOWN	-termination -domain octagons	1s	0	UNKNOWN	-termination -domain polyhedra
tests/sv_termination_restricted/AlternDivWidening_false-termination.c	1s	0	UNKNOWN	-termination	1s	0	UNKNOWN	-termination -domain octagons	1s	0	UNKNOWN	-termination -domain polyhedra
tests/sv_termination_restricted/ChooseLife_false-termination.c	1s	0	UNKNOWN	-termination	1s	0	UNKNOWN	-termination -domain octagons	1s	0	UNKNOWN	-termination -domain polyhedra
tests/sv_termination_restricted/ComplxStruc_false-termination.c	1s	0	UNKNOWN	-termination	1s	0	UNKNOWN	-termination -domain octagons	1s	0	UNKNOWN	-termination -domain polyhedra
tests/sv_termination_restricted/DivWithoutMinus_false-termination.c	1s	0	UNKNOWN	-termination	1s	0	UNKNOWN	-termination -domain octagons	1s	0	UNKNOWN	-termination -domain polyhedra
	NOTE: check if this is not just a coincidence...
tests/sv_termination_restricted/DoubleNeg_false-termination.c	1s	0	UNKNOWN	-termination	1s	0	UNKNOWN	-termination -domain octagons	1s	0	UNKNOWN	-termination -domain polyhedra
tests/sv_termination_restricted/Et2_false-termination.c	1s	0	UNKNOWN	-termination	1s	0	UNKNOWN	-termination -domain octagons	1s	0	UNKNOWN	-termination -domain polyhedra
tests/sv_termination_restricted/Et4_false-termination.c	1s	0	UNKNOWN	-termination	1s	0	UNKNOWN	-termination -domain octagons	1s	0	UNKNOWN	-termination -domain polyhedra
tests/sv_termination_restricted/Ex08_false-termination.c	1s	0	UNKNOWN	-termination	1s	0	UNKNOWN	-termination -domain octagons	1s	0	UNKNOWN	-termination -domain polyhedra
tests/sv_termination_restricted/Factorial_false-termination.c	1s	0	UNKNOWN	-termination	1s	0	UNKNOWN	-termination -domain octagons	1s	0	UNKNOWN	-termination -domain polyhedra
tests/sv_termination_restricted/Fibonacci_false-termination.c	1s	0	UNKNOWN	-termination	1s	0	UNKNOWN	-termination -domain octagons	1s	0	UNKNOWN	-termination -domain polyhedra
tests/sv_termination_restricted/Flip_false-termination.c	1s	0	UNKNOWN	-termination	1s	0	UNKNOWN	-termination -domain octagons	1s	0	UNKNOWN	-termination -domain polyhedra
tests/sv_termination_restricted/Gauss_false-termination.c	1s	0	UNKNOWN	-termination	1s	0	UNKNOWN	-termination -domain octagons	1s	0	UNKNOWN	-termination -domain polyhedra
tests/sv_termination_restricted/GCD_false-termination.c	1s	0	UNKNOWN	-termination	1s	0	UNKNOWN	-termination -domain octagons	2s	0	UNKNOWN	-termination -domain polyhedra
tests/sv_termination_restricted/GCD2_false-termination.c	1s	0	UNKNOWN	-termination	1s	0	UNKNOWN	-termination -domain octagons	6s	0	UNKNOWN	-termination -domain polyhedra
tests/sv_termination_restricted/Lcm_false-termination.c	1s	0	UNKNOWN	-termination	1s	0	UNKNOWN	-termination -domain octagons	1s	0	UNKNOWN	-termination -domain polyhedra
tests/sv_termination_restricted/Loop_false-termination.c	1s	0	UNKNOWN	-termination	1s	0	UNKNOWN	-termination -domain octagons	1s	0	UNKNOWN	-termination -domain polyhedra
tests/sv_termination_restricted/Middle_false-termination.c	1s	0	UNKNOWN	-termination	1s	0	UNKNOWN	-termination -domain octagons	1s	0	UNKNOWN	-termination -domain polyhedra
tests/sv_termination_restricted/MirrorInterv_false-termination.c	1s	0	UNKNOWN	-termination	2s	0	UNKNOWN	-termination -domain octagons	3s	0	UNKNOWN	-termination -domain polyhedra
tests/sv_termination_restricted/MirrorIntervSim_false-termination.c	1s	0	UNKNOWN	-termination	1s	0	UNKNOWN	-termination -domain octagons	1s	0	UNKNOWN	-termination -domain polyhedra
	TODO: check if we can simplify the state on this test (it seems to do a loop unfolding)
tests/sv_termination_restricted/Narrowing_false-termination.c	1s	0	UNKNOWN	-termination	3s	0	UNKNOWN	-termination -domain octagons	3s	0	UNKNOWN	-termination -domain polyhedra
tests/sv_termination_restricted/NarrowKonv_false-termination.c	1s	0	UNKNOWN	-termination	1s	0	UNKNOWN	-termination -domain octagons	1s	0	UNKNOWN	-termination -domain polyhedra
	NOTE: this takes 30 seconds with the polyhedra domain?! Refining drops it to <1s
tests/sv_termination_restricted/NO_01_false-termination.c	1s	0	UNKNOWN	-termination	1s	0	UNKNOWN	-termination -domain octagons	1s	0	UNKNOWN	-termination -domain polyhedra
tests/sv_termination_restricted/NO_02_false-termination.c	1s	0	UNKNOWN	-termination	1s	0	UNKNOWN	-termination -domain octagons	1s	0	UNKNOWN	-termination -domain polyhedra
tests/sv_termination_restricted/NO_03_false-termination.c	1s	0	UNKNOWN	-termination	1s	0	UNKNOWN	-termination -domain octagons	1s	0	UNKNOWN	-termination -domain polyhedra
tests/sv_termination_restricted/NO_04_false-termination.c	1s	0	UNKNOWN	-termination	1s	0	UNKNOWN	-termination -domain octagons	1s	0	UNKNOWN	-refine -termination -domain polyhedra
tests/sv_termination_restricted/NO_10_false-termination.c	1s	0	UNKNOWN	-termination	1s	0	UNKNOWN	-termination -domain octagons	1s	0	UNKNOWN	-termination -domain polyhedra
tests/sv_termination_restricted/NO_12_false-termination.c	1s	0	UNKNOWN	-termination	1s	0	UNKNOWN	-termination -domain octagons	1s	0	UNKNOWN	-termination -domain polyhedra
tests/sv_termination_restricted/NO_13_false-termination.c	1s	0	UNKNOWN	-termination	1s	0	UNKNOWN	-termination -domain octagons	1s	0	UNKNOWN	-termination -domain polyhedra
tests/sv_termination_restricted/NO_24_false-termination.c	1s	0	UNKNOWN	-termination	1s	0	UNKNOWN	-termination -domain octagons	1s	0	UNKNOWN	-termination -domain polyhedra
tests/sv_termination_restricted/PastaC10_false-termination.c	1s	0	UNKNOWN	-termination	1s	0	UNKNOWN	-termination -domain octagons	1s	0	UNKNOWN	-termination -domain polyhedra
tests/sv_termination_restricted/Swingers_false-termination.c	1s	0	UNKNOWN	-termination	1s	0	UNKNOWN	-termination -domain octagons	1s	0	UNKNOWN	-termination -domain polyhedra
tests/sv_termination_restricted/UpAndDown_false-termination.c	1s	0	UNKNOWN	-termination	1s	0	UNKNOWN	-termination -domain octagons	1s	0	UNKNOWN	-termination -domain polyhedra
tests/sv_termination_restricted/UpAndDownIneq_false-termination.c	1s	0	UNKNOWN	-termination	1s	0	UNKNOWN	-termination -domain octagons	1s	0	UNKNOWN	-termination -domain polyhedra
tests/sv_termination_restricted/WhileNested_false-termination.c	1s	0	UNKNOWN	-termination	1s	0	UNKNOWN	-termination -domain octagons	1s	0	UNKNOWN	-termination -domain polyhedra
tests/sv_termination_restricted/WhileNestedOffset_false-termination.c	1s	0	UNKNOWN	-termination	1s	0	UNKNOWN	-termination -domain octagons	1s	0	UNKNOWN	-termination -domain polyhedra
tests/sv-termination-crafted/2Nested_false-termination.c	1s	0	UNKNOWN	-termination	1s	0	UNKNOWN	-termination -domain octagons	1s	0	UNKNOWN	-termination -domain polyhedra
tests/sv-termination-crafted/Bangalore_false-termination.c	1s	0	UNKNOWN	-termination	1s	0	UNKNOWN	-termination -domain octagons	1s	0	UNKNOWN	-termination -domain polyhedra
tests/sv-termination-crafted/Bangalore_v2_false-termination.c	1s	0	UNKNOWN	-termination	1s	0	UNKNOWN	-termination -domain octagons	1s	0	UNKNOWN	-termination -domain polyhedra
tests/sv-termination-crafted/Bangalore_v3_false-termination.c	1s	0	UNKNOWN	-termination	1s	0	UNKNOWN	-termination -domain octagons	1s	0	UNKNOWN	-termination -domain polyhedra
tests/sv-termination-crafted/Hanoi_3vars_false-termination.c	1s	0	UNKNOWN	-termination	1s	0	UNKNOWN	-termination -domain octagons	1s	0	UNKNOWN	-termination -domain polyhedra
tests/sv-termination-crafted/Hanoi_plus_false-termination.c	1s	0	UNKNOWN	-termination	1s	0	UNKNOWN	-termination -domain octagons	1s	0	UNKNOWN	-termination -domain polyhedra
tests/sv-termination-crafted/Mysore_false-termination.c	1s	0	UNKNOWN	-termination	1s	0	UNKNOWN	-termination -domain octagons	1s	0	UNKNOWN	-termination -domain polyhedra
tests/sv-termination-crafted/NonTermination2_false-termination.c	1s	0	UNKNOWN	-termination	1s	0	UNKNOWN	-termination -domain octagons	1s	0	UNKNOWN	-termination -domain polyhedra
tests/sv-termination-crafted/NonTerminationSimple3_false-termination.c	1s	0	UNKNOWN	-termination	1s	0	UNKNOWN	-termination -domain octagons	1s	0	UNKNOWN	-termination -domain polyhedra
tests/sv-termination-crafted/NonTerminationSimple4_false-termination.c	1s	0	UNKNOWN	-termination	1s	0	UNKNOWN	-termination -domain octagons	1s	0	UNKNOWN	-termination -domain polyhedra
tests/sv-termination-crafted/NonTerminationSimple6_false-termination.c	1s	0	UNKNOWN	-termination	1s	0	UNKNOWN	-termination -domain octagons	1s	0	UNKNOWN	-termination -domain polyhedra
tests/sv-termination-crafted/Singapore_v1_false-termination.c	1s	0	UNKNOWN	-termination	1s	0	UNKNOWN	-termination -domain octagons	1s	0	UNKNOWN	-termination -domain polyhedra
tests/sv-termination-crafted/Singapore_v2_false-termination.c	1s	0	UNKNOWN	-termination	1s	0	UNKNOWN	-termination -domain octagons	1s	0	UNKNOWN	-termination -domain polyhedra
tests/termination/countdown.c	1s	0	UNKNOWN	-termination	1s	0	UNKNOWN	-termination -domain octagons	1s	0	UNKNOWN	-termination -domain polyhedra
tests/termination/euclid.c	1s	0	UNKNOWN	-termination	1s	0	UNKNOWN	-termination -domain octagons	1s	0	UNKNOWN	-termination -domain polyhedra
tests/termination/example0.c	1s	0	UNKNOWN	-termination	1s	0	UNKNOWN	-termination -domain octagons	1s	0	UNKNOWN	-termination -domain polyhedra
tests/termination/example5.c	1s	0	UNKNOWN	-termination -joinbwd 5	1s	0	UNKNOWN	-termination -joinbwd 5 -domain octagons	1s	0	UNKNOWN	-termination -joinbwd 5 -domain polyhedra
tests/termination/example7.c	1s	0	UNKNOWN	-termination	1s	0	UNKNOWN	-termination -domain octagons	1s	0	UNKNOWN	-termination -domain polyhedra
	NOTE: the TERMINATION coment is wrong (take -2, 1, 2: we have a fixpoint)
tests/termination/issue8.c	1s	0	UNKNOWN	-termination	1s	0	UNKNOWN	-termination -domain octagons	1s	0	UNKNOWN	-termination -domain polyhedra
tests/termination/sas2014a.c	1s	0	UNKNOWN	-termination	1s	0	UNKNOWN	-termination -domain octagons	1s	0	UNKNOWN	-termination -domain polyhedra
	What is smart widening?
tests/termination/sas2014c.c	1s	0	UNKNOWN	-termination	1s	0	UNKNOWN	-termination -domain octagons	1s	0	UNKNOWN	-termination -domain polyhedra
tests/termination/tap2008a.c	1s	0	UNKNOWN		1s	0	UNKNOWN	-termination	1s	0	UNKNOWN	-termination -domain octagons	1s	0	UNKNOWN	-termination -domain polyhedra
tests/termination/tap2008b.c	1s	0	UNKNOWN	-termination	1s	0	UNKNOWN	-termination -domain octagons	1s	0	UNKNOWN	-termination -domain polyhedra
tests/termination/tap2008c.c	1s	0	UNKNOWN	-termination	1s	0	UNKNOWN	-termination -domain octagons	1s	0	UNKNOWN	-termination -domain polyhedra
tests/termination/tap2008d.c	1s	0	UNKNOWN	-termination	1s	0	UNKNOWN	-termination -domain octagons	1s	0	UNKNOWN	-termination -domain polyhedra
tests/termination/tap2008e.c	1s	0	UNKNOWN	-termination	1s	0	UNKNOWN	-termination -domain octagons	1s	0	UNKNOWN	-termination -domain polyhedra
tests/termination/tap2008f.c	1s	0	UNKNOWN	-termination	1s	0	UNKNOWN	-termination -domain octagons	1s	0	UNKNOWN	-termination -domain polyhedra
tests/termination/vmcai2004b.c	1s	0	UNKNOWN	-termination	1s	0	UNKNOWN	-termination -domain octagons	1s	0	UNKNOWN	-termination -domain polyhedra
tests/termination/widening3.c	1s	0	UNKNOWN	-termination	1s	0	UNKNOWN	-termination -domain octagons	1s	0	UNKNOWN	-termination -domain polyhedra
tests/termination/zune.c	1s	0	UNKNOWN	-termination	1s	0	UNKNOWN	-termination -domain octagons	1s	0	UNKNOWN	-termination -domain polyhedra

	Terminating
	-----------
tests/ctl/ltl_automizer/Bug_NoLoopAtEndForTerminatingPrograms_safe.c	1s	0	TRUE	-termination	1s	0	TRUE	-termination -domain octagons	1s	0	TRUE	-termination -domain polyhedra
tests/ctl/report/test_existential3.c	1s	0	TRUE	-termination	1s	0	TRUE	-termination -domain octagons	1s	0	TRUE	-termination -domain polyhedra
tests/ctl/report/test_until.c	1s	0	UNKNOWN	-termination	1s	0	TRUE	-termination -domain octagons	1s	0	TRUE	-termination -domain polyhedra
tests/ctl/sv_comp/java_Sequence_true-termination_true-no-overflow.c	1s	0	TRUE	-termination	1s	0	TRUE	-termination -domain octagons	1s	0	TRUE	-termination -domain polyhedra
tests/ctl/t2_cav13/P25.c	1s	0	TRUE	-termination	1s	0	TRUE	-termination -domain octagons	1s	0	TRUE	-termination -domain polyhedra
tests/ctl/t2_cav13/P3_cheat.c	1s	0	UNKNOWN	-termination	1s	0	UNKNOWN	-termination -domain octagons	1s	0	UNKNOWN	-termination -domain polyhedra	2s	0	TRUE	-termination -domain octagons -ordinals 1
tests/ctl/existential_test1.c	1s	0	TRUE	-termination	1s	0	TRUE	-termination -domain octagons	1s	0	TRUE	-termination -domain polyhedra
tests/ctl/existential_test2.c	1s	0	TRUE	-termination	1s	0	TRUE	-termination -domain octagons	1s	0	TRUE	-termination -domain polyhedra
tests/ctl/existential_test3.c	1s	0	TRUE	-termination	1s	0	TRUE	-termination -domain octagons	1s	0	TRUE	-termination -domain polyhedra
tests/ctl/existential_test4.c	1s	0	TRUE	-termination	1s	0	TRUE	-termination -domain octagons	1s	0	TRUE	-termination -domain polyhedra
tests/ctl/multi_branch_choice.c	1s	0	TRUE	-termination	1s	0	TRUE	-termination -domain octagons	1s	0	TRUE	-termination -domain polyhedra
tests/ctl/next.c	1s	0	TRUE	-termination	1s	0	TRUE	-termination -domain octagons	1s	0	TRUE	-termination -domain polyhedra
tests/ctl/until_test.c	1s	0	UNKNOWN	-termination	1s	0	TRUE	-termination -domain octagons	1s	0	TRUE	-termination -domain polyhedra
	TODO: add guarantee testing
tests/guarantee/example.c	1s	0	TRUE	-termination	1s	0	TRUE	-termination -domain octagons	1s	0	TRUE	-termination -domain polyhedra
	NOTE: what?
tests/guarantee/pingpong.c	1s	0	TRUE	-termination	1s	0	TRUE	-termination -domain octagons	1s	0	TRUE	-termination -domain polyhedra
tests/robust/perso/continuous.c	1s	0	TRUE	-termination	1s	0	TRUE	-termination -domain octagons	1s	0	TRUE	-termination -domain polyhedra
tests/robust/perso/dummy.c	1s	0	TRUE	-termination	1s	0	TRUE	-termination -domain octagons	1s	0	TRUE	-termination -domain polyhedra
tests/robust/perso/interpolation.c	1s	0	TRUE	-termination	1s	0	TRUE	-termination -domain octagons	1s	0	TRUE	-termination -domain polyhedra
tests/robust/perso/isz1.c	1s	0	TRUE	-termination	1s	0	TRUE	-termination -domain octagons	1s	0	TRUE	-termination -domain polyhedra
tests/robust/perso/isz2.c	1s	0	TRUE	-termination	1s	0	TRUE	-termination -domain octagons	1s	0	TRUE	-termination -domain polyhedra
tests/robust/perso/my_sum.c	1s	0	TRUE	-termination	1s	0	TRUE	-termination -domain octagons	1s	0	TRUE	-termination -domain polyhedra
tests/robust/sv_comp/safe/sv_num4.c	1s	0	TRUE	-termination	1s	0	TRUE	-termination -domain octagons	1s	0	TRUE	-termination -domain polyhedra
	NOTE this seems slow
	NOTE should also probably add a check for bug = 0
tests/robust/sv_comp/safe/sv_num5.c	1s	0	UNKNOWN	-termination	1s	0	TRUE	-termination -domain octagons	1s	0	TRUE	-termination -domain polyhedra
tests/robust/sv_comp/safe/sv_num6.c	1s	0	TRUE	-termination	1s	0	TRUE	-termination -domain octagons	1s	0	TRUE	-termination -domain polyhedra
tests/robust/sv_comp/witness/sv_num7.c	1s	0	UNKNOWN	-termination	1s	0	TRUE	-termination -domain octagons	1s	0	TRUE	-termination -domain polyhedra
tests/robust/sv_comp/witness/sv_num8.c	1s	0	UNKNOWN	-termination	1s	0	TRUE	-termination -domain octagons	1s	0	TRUE	-termination -domain polyhedra
tests/robust/sv_comp/witness/sv_sum.c	1s	0	UNKNOWN	-termination	1s	0	TRUE	-termination -domain octagons	1s	0	TRUE	-termination -domain polyhedra	1s	0	TRUE	-termination -domain polyhedra -refine
tests/termination/cacm2009a.c	1s	0	TRUE	-termination	1s	0	TRUE	-termination -domain octagons	1s	0	TRUE	-termination -domain polyhedra
tests/termination/cacm2009b.c	1s	0	UNKNOWN	-termination	1s	0	UNKNOWN	-termination -domain octagons	1s	0	UNKNOWN	-termination -domain polyhedra	1s	0	TRUE	-termination -ordinals 1 -joinbwd 3	1s	0	TRUE	-termination -ordinals 1 -joinbwd 3 -domain octagons	1s	0	TRUE	-termination -ordinals 1 -joinbwd 3 -domain polyhedra
tests/sv_termination_restricted/a.01_true-termination.c	1s	0	UNKNOWN	-termination	1s	0	UNKNOWN	-termination -domain octagons	1s	0	UNKNOWN	-termination -domain polyhedra	1s	0	TRUE	-termination -domain octagons -ordinals 1
tests/sv_termination_restricted/a.04_true-termination.c	1s	0	UNKNOWN	-termination	1s	0	TRUE	-termination -domain octagons	1s	0	TRUE	-termination -domain polyhedra
tests/sv_termination_restricted/a.05_true-termination.c	1s	0	UNKNOWN	-termination	1s	0	TRUE	-termination -domain octagons	1s	0	TRUE	-termination -domain polyhedra
tests/sv_termination_restricted/a.06_true-termination.c	1s	0	UNKNOWN	-termination	1s	0	UNKNOWN	-termination -domain octagons	1s	0	TRUE	-termination -domain polyhedra
tests/sv_termination_restricted/a.07_true-termination.c	1s	0	UNKNOWN	-termination	1s	0	TRUE	-termination -domain octagons	1s	0	TRUE	-termination -domain polyhedra
tests/sv_termination_restricted/a.08_true-termination.c	1s	0	UNKNOWN	-termination	1s	0	TRUE	-termination -domain octagons	1s	0	TRUE	-termination -domain polyhedra
tests/sv_termination_restricted/a.10_true-termination.c	1s	0	UNKNOWN	-termination	1s	0	TRUE	-termination -domain octagons	1s	0	TRUE	-termination -domain polyhedra
tests/sv_termination_restricted/b.01_true-termination.c	1s	0	UNKNOWN	-termination	1s	0	TRUE	-termination -domain octagons	1s	0	TRUE	-termination -domain polyhedra
tests/sv_termination_restricted/b.02_true-termination.c	1s	0	UNKNOWN	-termination	1s	0	TRUE	-termination -domain octagons	1s	0	TRUE	-termination -domain polyhedra
tests/sv_termination_restricted/b.04_true-termination.c	1s	0	UNKNOWN	-termination	1s	0	TRUE	-termination -domain octagons	1s	0	TRUE	-termination -domain polyhedra
tests/sv_termination_restricted/b.05_true-termination.c	1s	0	TRUE	-termination	1s	0	TRUE	-termination -domain octagons	1s	0	TRUE	-termination -domain polyhedra
tests/sv_termination_restricted/b.06_true-termination.c	1s	0	TRUE	-termination	1s	0	TRUE	-termination -domain octagons	1s	0	TRUE	-termination -domain polyhedra
tests/sv_termination_restricted/b.07_true-termination.c	1s	0	UNKNOWN	-termination	1s	0	TRUE	-termination -domain octagons	1s	0	TRUE	-termination -domain polyhedra
tests/sv_termination_restricted/b.09_assume_true-termination.c	1s	0	UNKNOWN	-termination	1s	0	TRUE	-termination -domain octagons	1s	0	TRUE	-termination -domain polyhedra
tests/sv_termination_restricted/b.09-no-inv_assume_true-termination.c	1s	0	UNKNOWN	-termination	1s	0	TRUE	-termination -domain octagons	1s	0	TRUE	-termination -domain polyhedra
tests/sv_termination_restricted/b.10_true-termination.c	1s	0	UNKNOWN	-termination	1s	0	TRUE	-termination -domain octagons	1s	0	TRUE	-termination -domain polyhedra
tests/sv_termination_restricted/b.11_true-termination.c	1s	0	UNKNOWN	-termination	1s	0	UNKNOWN	-termination -domain octagons	1s	0	UNKNOWN	-termination -domain polyhedra	1s	0	TRUE	-termination -domain polyhedra -ordinals 1
tests/sv_termination_restricted/b.12_true-termination.c	1s	0	TRUE	-termination	1s	0	TRUE	-termination -domain octagons	1s	0	TRUE	-termination -domain polyhedra
tests/sv_termination_restricted/b.13_true-termination.c	1s	0	UNKNOWN	-termination	1s	0	TRUE	-termination -domain octagons	1s	0	TRUE	-termination -domain polyhedra
tests/sv_termination_restricted/b.14_true-termination.c	1s	0	UNKNOWN	-termination	1s	0	TRUE	-termination -domain octagons	1s	0	TRUE	-termination -domain polyhedra
tests/sv_termination_restricted/b.15_true-termination.c	1s	0	UNKNOWN	-termination	1s	0	TRUE	-termination -domain octagons	1s	0	TRUE	-termination -domain polyhedra
tests/sv_termination_restricted/b.16_true-termination.c	1s	0	TRUE	-termination	1s	0	TRUE	-termination -domain octagons	1s	0	TRUE	-termination -domain polyhedra
tests/sv_termination_restricted/b.17_true-termination.c	1s	0	UNKNOWN	-termination	1s	0	TRUE	-termination -domain octagons	1s	0	TRUE	-termination -domain polyhedra
tests/sv_termination_restricted/b.18_true-termination.c	1s	0	TRUE	-termination	1s	0	TRUE	-termination -domain octagons	1s	0	TRUE	-termination -domain polyhedra
tests/sv_termination_restricted/c.02_true-termination.c	1s	0	UNKNOWN	-termination	1s	0	UNKNOWN	-termination -domain octagons	1s	0	UNKNOWN	-termination -domain polyhedra	1s	0	TRUE	-termination -domain polyhedra -ordinals 1
tests/sv_termination_restricted/c.03_true-termination.c	1s	0	UNKNOWN	-termination	1s	0	UNKNOWN	-termination -domain octagons	1s	0	UNKNOWN	-termination -domain polyhedra	1s	0	TRUE	-termination -domain polyhedra -ordinals 1
tests/sv_termination_restricted/c.07_true-termination.c	1s	0	UNKNOWN	-termination	1s	0	TRUE	-termination -domain octagons	1s	0	TRUE	-termination -domain polyhedra
tests/sv_termination_restricted/c.08_true-termination.c	1s	0	UNKNOWN	-termination	1s	0	UNKNOWN	-termination -domain octagons	1s	0	UNKNOWN	-termination -domain polyhedra	1s	0	TRUE	-termination -domain polyhedra -ordinals 1
tests/sv_termination_restricted/easySum_true-termination.c	1s	0	UNKNOWN	-termination	1s	0	TRUE	-termination -domain octagons	1s	0	TRUE	-termination -domain polyhedra
tests/sv_termination_restricted/ex1_true-termination.c	1s	0	TRUE	-termination	1s	0	TRUE	-termination -domain octagons	1s	0	TRUE	-termination -domain polyhedra
tests/sv_termination_restricted/flag_true-termination.c	1s	0	UNKNOWN	-termination	1s	0	TRUE	-termination -domain octagons	1s	0	TRUE	-termination -domain polyhedra
tests/sv_termination_restricted/IntPath_true-termination.c	1s	0	UNKNOWN	-termination	1s	0	TRUE	-termination -domain octagons	1s	0	TRUE	-termination -domain polyhedra
tests/sv_termination_restricted/java_Break_true-termination.c	1s	0	TRUE	-termination	1s	0	TRUE	-termination -domain octagons	1s	0	TRUE	-termination -domain polyhedra
tests/sv_termination_restricted/java_Continue1_true-termination.c	1s	0	TRUE	-termination	1s	0	TRUE	-termination -domain octagons	1s	0	TRUE	-termination -domain polyhedra
tests/sv_termination_restricted/java_Nested_true-termination.c	1s	0	TRUE	-termination	1s	0	TRUE	-termination -domain octagons	1s	0	TRUE	-termination -domain polyhedra
tests/sv_termination_restricted/java_Sequence_true-termination.c	1s	0	TRUE	-termination	1s	0	TRUE	-termination -domain octagons	1s	0	TRUE	-termination -domain polyhedra
tests/sv_termination_restricted/Log_true-termination.c	1s	0	TRUE	-termination	1s	0	TRUE	-termination -domain octagons	1s	0	TRUE	-termination -domain polyhedra
tests/sv_termination_restricted/MinusBuiltIn_true-termination.c	1s	0	UNKNOWN	-termination	1s	0	TRUE	-termination -domain octagons	1s	0	TRUE	-termination -domain polyhedra
tests/sv_termination_restricted/MinusMin_true-termination.c	1s	0	UNKNOWN	-termination	1s	0	TRUE	-termination -domain octagons	1s	0	TRUE	-termination -domain polyhedra
	NOTE: constants compression breaks this test without -ordinals
tests/sv_termination_restricted/MinusUserDefined_true-termination.c	1s	0	TRUE	-termination -ordinals 0	1s	0	TRUE	-termination -domain octagons -ordinals 0	1s	0	TRUE	-termination -domain polyhedra -ordinals 0
tests/sv_termination_restricted/Nested_true-termination.c	1s	0	TRUE	-termination	1s	0	TRUE	-termination -domain octagons	1s	0	TRUE	-termination -domain polyhedra
tests/sv_termination_restricted/PastaA1_true-termination.c	1s	0	UNKNOWN	-termination	1s	0	UNKNOWN	-termination -domain octagons	1s	0	UNKNOWN	-termination -domain polyhedra	1s	0	TRUE	-termination -domain polyhedra -ordinals 1
tests/sv_termination_restricted/PastaA4_true-termination.c	1s	0	UNKNOWN	-termination	1s	0	TRUE	-termination -domain octagons	1s	0	TRUE	-termination -domain polyhedra
tests/sv_termination_restricted/PastaA5_true-termination.c	1s	0	UNKNOWN	-termination	1s	0	TRUE	-termination -domain octagons	1s	0	TRUE	-termination -domain polyhedra
tests/sv_termination_restricted/PastaA6_true-termination.c	1s	0	UNKNOWN	-termination	1s	0	UNKNOWN	-termination -domain octagons	1s	0	TRUE	-termination -domain polyhedra
tests/sv_termination_restricted/PastaA7_true-termination.c	1s	0	UNKNOWN	-termination	1s	0	TRUE	-termination -domain octagons	1s	0	TRUE	-termination -domain polyhedra
tests/sv_termination_restricted/PastaA8_true-termination.c	1s	0	UNKNOWN	-termination	1s	0	TRUE	-termination -domain octagons	1s	0	TRUE	-termination -domain polyhedra
tests/sv_termination_restricted/PastaA10_true-termination.c	1s	0	UNKNOWN	-termination	1s	0	TRUE	-termination -domain octagons	1s	0	TRUE	-termination -domain polyhedra
tests/sv_termination_restricted/PastaB1_true-termination.c	1s	0	UNKNOWN	-termination	1s	0	TRUE	-termination -domain octagons	1s	0	TRUE	-termination -domain polyhedra
tests/sv_termination_restricted/PastaB2_true-termination.c	1s	0	UNKNOWN	-termination	1s	0	TRUE	-termination -domain octagons	1s	0	TRUE	-termination -domain polyhedra
tests/sv_termination_restricted/PastaB4_true-termination.c	1s	0	UNKNOWN	-termination	1s	0	TRUE	-termination -domain octagons	1s	0	TRUE	-termination -domain polyhedra
tests/sv_termination_restricted/PastaB6_true-termination.c	1s	0	TRUE	-termination	1s	0	TRUE	-termination -domain octagons	1s	0	TRUE	-termination -domain polyhedra
tests/sv_termination_restricted/PastaB7_true-termination.c	1s	0	UNKNOWN	-termination	1s	0	TRUE	-termination -domain octagons	1s	0	TRUE	-termination -domain polyhedra
tests/sv_termination_restricted/PastaB11_true-termination.c	1s	0	UNKNOWN	-termination	1s	0	UNKNOWN	-termination -domain octagons	1s	0	UNKNOWN	-termination -domain polyhedra	1s	0	TRUE	-termination -domain polyhedra -ordinals 1
tests/sv_termination_restricted/PastaB14_true-termination.c	1s	0	UNKNOWN	-termination	1s	0	TRUE	-termination -domain octagons	1s	0	TRUE	-termination -domain polyhedra
tests/sv_termination_restricted/PastaB15_true-termination.c	1s	0	UNKNOWN	-termination	1s	0	TRUE	-termination -domain octagons	1s	0	TRUE	-termination -domain polyhedra
tests/sv_termination_restricted/PastaB16_true-termination.c	1s	0	TRUE	-termination	1s	0	TRUE	-termination -domain octagons	1s	0	TRUE	-termination -domain polyhedra
tests/sv_termination_restricted/PastaB17_true-termination.c	1s	0	UNKNOWN	-termination	1s	0	TRUE	-termination -domain octagons	1s	0	TRUE	-termination -domain polyhedra
tests/sv_termination_restricted/PastaC2_true-termination.c	1s	0	UNKNOWN	-termination	1s	0	UNKNOWN	-termination -domain octagons	1s	0	UNKNOWN	-termination -domain polyhedra	1s	0	TRUE	-termination -domain polyhedra -ordinals 1
tests/sv_termination_restricted/PastaC3_true-termination.c	1s	0	UNKNOWN	-termination	1s	0	UNKNOWN	-termination -domain octagons	1s	0	UNKNOWN	-termination -domain polyhedra	1s	0	TRUE	-termination -domain polyhedra -ordinals 1
tests/sv_termination_restricted/PastaC7_true-termination.c	1s	0	UNKNOWN	-termination	1s	0	TRUE	-termination -domain octagons	1s	0	TRUE	-termination -domain polyhedra
tests/sv_termination_restricted/PastaC9_true-termination.c	1s	0	UNKNOWN	-termination	1s	0	UNKNOWN	-termination -domain octagons	1s	0	UNKNOWN	-termination -domain polyhedra	1s	0	TRUE	-termination -domain polyhedra -ordinals 1
tests/sv_termination_restricted/Sequence_true-termination.c	1s	0	TRUE	-termination	1s	0	TRUE	-termination -domain octagons	1s	0	TRUE	-termination -domain polyhedra
tests/sv-termination-crafted/Bangalore_v4_true-termination.c	1s	0	UNKNOWN	-termination	1s	0	TRUE	-termination -domain octagons	1s	0	TRUE	-termination -domain polyhedra
tests/sv-termination-crafted/Copenhagen_true-termination.c	1s	0	UNKNOWN	-termination	1s	0	UNKNOWN	-termination -domain octagons	1s	0	UNKNOWN	-termination -domain polyhedra	1s	0	TRUE	-termination -domain polyhedra -ordinals 1
tests/sv-termination-crafted/Copenhagen_disj_true-termination.c	1s	0	UNKNOWN	-termination	1s	0	UNKNOWN	-termination -domain octagons	1s	0	UNKNOWN	-termination -domain polyhedra	1s	0	TRUE	-termination -domain polyhedra -ordinals 1
tests/sv-termination-crafted/easy1_true-termination.c	1s	0	TRUE	-termination	1s	0	TRUE	-termination -domain octagons	1s	0	TRUE	-termination -domain polyhedra
tests/sv-termination-crafted/Hanoi_2vars_false-termination.c	1s	0	UNKNOWN	-termination	1s	0	UNKNOWN	-termination -domain octagons	1s	0	UNKNOWN	-termination -domain polyhedra
tests/sv-termination-crafted/Lobnya-Boolean-Reordered_true-termination.c	1s	0	TRUE	-ordinals 1 -termination	1s	0	TRUE	-ordinals 1 -termination -domain octagons	1s	0	TRUE	-ordinals 1 -termination -domain polyhedra
tests/sv-termination-crafted/NonTermination4_false-termination.c	1s	0	UNKNOWN	-termination	1s	0	UNKNOWN	-termination -domain octagons	1s	0	UNKNOWN	-termination -domain polyhedra
tests/sv-termination-crafted/NonTerminationSimple7_false-termination.c	1s	0	UNKNOWN	-termination	1s	0	UNKNOWN	-termination -domain octagons	1s	0	UNKNOWN	-termination -domain polyhedra
tests/sv-termination-crafted/Nyala-2lex_true-termination.c	1s	0	TRUE	-ordinals 1 -termination	1s	0	TRUE	-ordinals 1 -termination -domain octagons	1s	0	TRUE	-ordinals 1 -termination -domain polyhedra
tests/sv-termination-crafted/Pure2Phase_true-termination.c	1s	0	TRUE	-ordinals 2 -termination	1s	0	TRUE	-ordinals 2 -termination -domain octagons	1s	0	TRUE	-ordinals 2 -termination -domain polyhedra
tests/sv-termination-crafted/Rotation180_false-termination.c	1s	0	UNKNOWN	-termination	1s	0	UNKNOWN	-termination -domain octagons	1s	0	UNKNOWN	-termination -domain polyhedra
tests/sv-termination-crafted/Singapore_plus_false-termination.c	1s	0	UNKNOWN	-termination	1s	0	UNKNOWN	-termination -domain octagons	1s	0	UNKNOWN	-termination -domain polyhedra
tests/termination/boolean.c	1s	0	TRUE	-termination	1s	0	TRUE	-termination -domain octagons	1s	0	TRUE	-termination -domain polyhedra
tests/termination/cda0.c	1s	0	TRUE	-termination	1s	0	TRUE	-termination -domain octagons	1s	0	TRUE	-termination -domain polyhedra
tests/termination/example1.c	1s	0	TRUE	-termination	1s	0	TRUE	-termination -domain octagons	1s	0	TRUE	-termination -domain polyhedra
tests/termination/example2.c	1s	0	UNKNOWN	-termination	1s	0	UNKNOWN	-termination -domain octagons	1s	0	UNKNOWN	-termination -domain polyhedra	1s	0	TRUE	-termination -domain polyhedra -ordinals 1
tests/termination/example2a.c	1s	0	TRUE	-termination	1s	0	TRUE	-termination -domain octagons	1s	0	TRUE	-termination -domain polyhedra
tests/termination/example2b.c	1s	0	UNKNOWN	-termination	1s	0	TRUE	-termination -domain octagons	1s	0	TRUE	-termination -domain polyhedra
tests/termination/example2c.c	1s	0	UNKNOWN	-termination	1s	0	TRUE	-termination -domain octagons	1s	0	TRUE	-termination -domain polyhedra
tests/termination/example2d.c	1s	0	UNKNOWN	-termination	2s	0	TRUE	-termination -domain octagons	2s	0	TRUE	-termination -domain polyhedra	1s	0	TRUE	-termination -refine
tests/termination/example2e.c	2s	0	UNKNOWN	-termination	3s	0	TRUE	-termination -domain octagons	2s	0	TRUE	-termination -domain polyhedra
tests/termination/example8.c	1s	0	UNKNOWN	-termination	1s	0	UNKNOWN	-termination -domain octagons	1s	0	UNKNOWN	-termination -domain polyhedra	1s	0	TRUE	-termination -joinbwd 7
tests/termination/example10.c	1s	0	UNKNOWN	-termination	1s	0	UNKNOWN	-termination -domain octagons	1s	0	UNKNOWN	-termination -domain polyhedra	1s	0	TRUE	-termination -ordinals 2 -joinbwd 3
tests/termination/postdecrement.c	1s	0	TRUE	-termination	1s	0	TRUE	-termination -domain octagons	1s	0	TRUE	-termination -domain polyhedra
tests/termination/postincrement.c	1s	0	TRUE	-termination	1s	0	TRUE	-termination -domain octagons	1s	0	TRUE	-termination -domain polyhedra
tests/termination/predecrement.c	1s	0	TRUE	-termination	1s	0	TRUE	-termination -domain octagons	1s	0	TRUE	-termination -domain polyhedra
tests/termination/preincrement.c	1s	0	TRUE	-termination	1s	0	TRUE	-termination -domain octagons	1s	0	TRUE	-termination -domain polyhedra
tests/termination/sas2010.c	1s	0	TRUE	-termination	1s	0	TRUE	-termination -domain octagons	1s	0	TRUE	-termination -domain polyhedra
tests/termination/sas2014b.c	1s	0	UNKNOWN	-termination	1s	0	UNKNOWN	-termination -domain octagons	1s	0	TRUE	-termination -domain polyhedra
tests/termination/sorting4.c	1s	0	UNKNOWN	-termination	1s	0	TRUE	-termination -domain octagons	1s	0	TRUE	-termination -domain polyhedra
tests/termination/tacas2013a.c	1s	0	TRUE	-termination	1s	0	TRUE	-termination -domain octagons	1s	0	TRUE	-termination -domain polyhedra
tests/termination/tacas2013b.c	1s	0	UNKNOWN	-termination	1s	0	TRUE	-termination -domain octagons	1s	0	TRUE	-termination -domain polyhedra
tests/termination/tacas2013c.c	1s	0	UNKNOWN	-termination	1s	0	UNKNOWN	-termination -domain octagons	1s	0	UNKNOWN	-termination -domain polyhedra	2s	0	TRUE	-termination -joinbwd 3 -ordinals 1
	NOTE: why a jump to ~4s?
tests/termination/tacas2013d.c	1s	0	UNKNOWN	-termination	1s	0	UNKNOWN	-termination -domain octagons	2s	0	UNKNOWN	-termination -domain polyhedra	5s	0	TRUE	-termination -joinbwd 3 -ordinals 2
tests/termination/vmcai2004a.c	1s	0	UNKNOWN	-termination	1s	0	UNKNOWN	-termination -domain octagons	1s	0	UNKNOWN	-termination -domain polyhedra	1s	0	TRUE	-termination -joinbwd 5
tests/termination/widening1.c	1s	0	UNKNOWN	-termination	1s	0	UNKNOWN	-termination -domain octagons	1s	0	UNKNOWN	-termination -domain polyhedra	1s	0	TRUE	-termination -domain polyhedra -ordinals 1
tests/cacm2009c.c	1s	0	UNKNOWN	-termination	1s	0	UNKNOWN	-termination -domain octagons	1s	0	UNKNOWN	-termination -domain polyhedra	1s	0	TRUE	-refine -termination	1s	0	TRUE	-refine -termination -domain octagons	1s	0	TRUE	-refine -termination -domain polyhedra
tests/cacm2009d.c	1s	0	TRUE	-termination	1s	0	TRUE	-termination -domain octagons	1s	0	TRUE	-termination -domain polyhedra
tests/example2a.c	1s	0	TRUE	-termination	1s	0	TRUE	-termination -domain octagons	1s	0	TRUE	-termination -domain polyhedra

	Terminating but partially undetected
	------------------------------------
	TODO: why does this require '-ordinals 0' on octagons or more?
tests/ctl/t2_cav13/P26.c	1s	0	TRUE	-termination	1s	0	UNKNOWN	-termination -domain octagons	1s	0	UNKNOWN	-termination -domain polyhedra
	TODO: check why the octagons domain cannot detect termination
tests/robust/sv_comp/witness/sv_num4f.c	1s	0	TRUE	-termination	1s	0	TRUE	-termination -domain octagons -ordinals 0	1s	124		-termination -domain octagons -refine	1s	0	TRUE	-termination -domain polyhedra -ordinals 0	1s	0	TRUE	-termination -domain polyhedra -ordinals 0 -refine
	TODO: check why the polyhedra domain only cannot detect termination
tests/robust/sv_comp/witness/sv_sum2.c	1s	0	TRUE	-termination	1s	0	TRUE	-termination -domain octagons	5s	0	UNKNOWN	-termination -domain polyhedra
	TODO: look from here
	TODO: this fails with octagons
tests/sv_termination_restricted/a.09_assume_true-termination.c	1s	0	UNKNOWN	-termination	1s	0	UNKNOWN	-termination -domain octagons	1s	0	TRUE	-termination -domain polyhedra
	TODO: check why the octagons domain cannot detect termination
tests/sv_termination_restricted/b.03_assume_true-termination.c	1s	0	UNKNOWN	-termination	1s	0	UNKNOWN	-termination -domain octagons	1s	0	TRUE	-termination -domain polyhedra
	TODO: why not octagons+ordinals+refine or polyhedra+ordinals?
tests/sv_termination_restricted/b.03-no-inv_assume_true-termination.c	1s	0	UNKNOWN	-termination	1s	0	UNKNOWN	-termination -domain octagons	1s	0	UNKNOWN	-termination -domain polyhedra	1s	0	TRUE	-termination -domain polyhedra -ordinals 1 -refine
	TODO: check why the octagons domain cannot detect termination
tests/sv_termination_restricted/DivMinus_true-termination.c	1s	0	UNKNOWN	-termination	1s	0	UNKNOWN	-termination -domain octagons	1s	0	TRUE	-termination -domain polyhedra
	TODO: check why the octagons domain cannot detect termination
tests/sv_termination_restricted/java_AG313_true-termination.c	1s	0	UNKNOWN	-termination	1s	0	UNKNOWN	-termination -domain octagons	1s	0	TRUE	-termination -domain polyhedra
	TODO: check why the octagons domain cannot detect termination
	This one seems quite short, look at it first?
tests/sv-termination-crafted/aaron2_true-termination.c	1s	0	UNKNOWN	-termination	1s	0	UNKNOWN	-termination -domain octagons	1s	0	UNKNOWN	-termination -domain polyhedra
	NOTE: x decreases every iteration since y > 0
tests/sv-termination-crafted/Bangalore_true-termination.c	1s	0	UNKNOWN	-ordinals 1 -termination	1s	0	UNKNOWN	-ordinals 1 -termination -domain octagons	1s	0	UNKNOWN	-ordinals 1 -termination -domain polyhedra
	TODO check why this doesn't terminate either with the octagons domain(?)
	NOTE: why refine?
	W/ octagons, fractions appear in the fwd analysis (label 9: z *= -1)
tests/sv-termination-crafted/MenloPark_true-termination.c	1s	0	UNKNOWN	-termination	1s	0	TRUE	-refine -ordinals 1 -termination -domain polyhedra
	TODO: why are ordinals required?
tests/termination/widening2.c	1s	0	UNKNOWN	-termination	1s	0	UNKNOWN	-termination -domain octagons	1s	0	UNKNOWN	-termination -domain polyhedra	1s	0	TRUE	-termination -domain polyhedra -ordinals 1

	Terminating but undetected
	--------------------------
	TODO: why is there a bottom?
tests/sv_termination/java_LogBuiltIn_true-termination.c	1s	0	UNKNOWN	-termination	1s	0	UNKNOWN	-termination -domain octagons	1s	0	UNKNOWN	-termination -domain polyhedra
	TODO: why is there a top?
tests/sv_termination_restricted/c.01_assume_true-termination.c	1s	0	UNKNOWN	-termination	1s	0	UNKNOWN	-termination -domain octagons	1s	0	UNKNOWN	-termination -domain polyhedra
	TODO: why is there a top? This one has no reason to, there is no conditional
	TODO: why isn't this detected?
tests/sv_termination_restricted/c.01-no-inv_true-termination.c	1s	0	UNKNOWN	-termination	1s	0	UNKNOWN	-termination -domain octagons	1s	0	UNKNOWN	-termination -domain polyhedra
	TODO: why is there a top?
tests/sv_termination_restricted/DivMinus2_true-termination.c	1s	0	UNKNOWN	-termination	4s	0	UNKNOWN	-termination -domain octagons	4s	0	UNKNOWN	-termination -domain polyhedra
	NOTE: I have no idea how to detect termination on this...
tests/sv_termination_restricted/Et1_true-termination.c	1s	0	UNKNOWN	-termination	1s	0	UNKNOWN	-termination -domain octagons	1s	0	UNKNOWN	-termination -domain polyhedra
	NOTE: y increases by at least 1 but this is undetected
tests/sv_termination_restricted/ex2_true-termination.c	1s	0	UNKNOWN	-termination	1s	0	UNKNOWN	-termination -domain octagons	1s	0	UNKNOWN	-termination -domain polyhedra
	Same as with LogMult
tests/sv_termination_restricted/ex3a_true-termination.c	1s	0	UNKNOWN	-termination	1s	0	UNKNOWN	-termination -domain octagons	1s	0	UNKNOWN	-termination -domain polyhedra
	Same as with LogMult
tests/sv_termination_restricted/ex3b_true-termination.c	1s	0	UNKNOWN	-termination	1s	0	UNKNOWN	-termination -domain octagons	1s	0	UNKNOWN	-termination -domain polyhedra
	TODO: why isn't this detected?
tests/sv_termination_restricted/fermat_true-termination.c	1s	0	UNKNOWN	-termination	5s	0	UNKNOWN	-termination -domain octagons	6s	0	UNKNOWN	-termination -domain polyhedra
	NOTE: same issue as PlusSwap
tests/sv_termination_restricted/Flip2_false-termination.c	1s	0	UNKNOWN	-termination	1s	0	UNKNOWN	-termination -domain octagons	1s	0	UNKNOWN	-termination -domain polyhedra
	NOTE: this takes 30 seconds with the polyhedra domain?! Refining drops it to <1s
tests/sv_termination_restricted/GCD3_true-termination.c	1s	0	UNKNOWN	-termination	1s	0	UNKNOWN	-termination -domain octagons	1s	0	UNKNOWN	-refine -termination -domain polyhedra
	TODO: why is there a top?
tests/sv_termination_restricted/GCD4_true-termination.c	1s	0	UNKNOWN	-termination	1s	0	UNKNOWN	-termination -domain octagons	3s	0	UNKNOWN	-termination -domain polyhedra
	TODO: why is there a top?
tests/sv_termination_restricted/LogAG_true-termination.c	1s	0	UNKNOWN	-termination	1s	0	UNKNOWN	-termination -domain octagons	1s	0	UNKNOWN	-termination -domain polyhedra
	This should be detected as y increases by at least 2 each loop iteration
	NOTE: also the precondition is false, y must be at least 2 for the loop to terminate (but it's fine here)
tests/sv_termination_restricted/LogMult_true-termination.c	1s	0	UNKNOWN	-termination	1s	0	UNKNOWN	-termination -domain octagons	1s	0	UNKNOWN	-termination -domain polyhedra
	NOTE: a loop monovariant seems to be the pair (11c - x, -x) >= (-110, 110) with x0 <= 100
tests/sv_termination_restricted/McCarthyIterative_true-termination.c	1s	0	UNKNOWN	-termination	1s	0	UNKNOWN	-termination -domain octagons	1s	0	UNKNOWN	-termination -domain polyhedra
	NOTE: this seems minimal
	Same as B3?
tests/sv_termination_restricted/PastaA9_true-termination.c	1s	0	UNKNOWN	-termination	1s	0	UNKNOWN	-termination -domain octagons	1s	0	UNKNOWN	-termination -domain polyhedra
	TODO: why is there a top?
tests/sv_termination_restricted/PastaB3_true-termination.c	1s	0	UNKNOWN	-termination	1s	0	UNKNOWN	-termination -domain octagons	1s	0	UNKNOWN	-termination -domain polyhedra
	Same as with LogMult (but y increases by only 1)
tests/sv_termination_restricted/PastaC1_true-termination.c	1s	0	UNKNOWN	-termination	1s	0	UNKNOWN	-termination -domain octagons	1s	0	UNKNOWN	-termination -domain polyhedra
	NOTE: I have no idea how to detect termination on this... => joinbwd 4
tests/sv_termination_restricted/PlusSwap_true-termination.c	1s	0	UNKNOWN	-termination	1s	0	UNKNOWN	-termination -domain octagons	1s	0	UNKNOWN	-termination -domain polyhedra
	NOTE: I have no idea how to detect termination on this...
tests/sv-termination-crafted/4NestedWith3Variables_true-termination.c	1s	0	UNKNOWN	-termination	1s	0	UNKNOWN	-termination -domain octagons	1s	0	UNKNOWN	-termination -domain polyhedra
	NOTE: phases
tests/sv-termination-crafted/2Nested_true-termination.c	1s	0	UNKNOWN	-termination	1s	0	UNKNOWN	-termination -domain octagons	1s	0	UNKNOWN	-termination -domain polyhedra
	NOTE: I have no idea how to detect termination on this...
tests/sv-termination-crafted/aaron3_true-termination.c	1s	0	UNKNOWN	-termination	1s	0	UNKNOWN	-termination -domain octagons	1s	0	UNKNOWN	-termination -domain polyhedra
	NOTE: I have no idea how to detect termination on this...
	TODO: check why this doesn't terminate after 6m30 with the octagons domain (but the memory doesn't increase... infinite loop?)
tests/sv-termination-crafted/Benghazi_true-termination.c	1s	0	UNKNOWN	-termination	1s	0	UNKNOWN	-termination -domain polyhedra
	NOTE: I have no idea how to detect termination on this...
tests/sv-termination-crafted/Benghazi_nondet_true-termination.c	1s	0	UNKNOWN	-termination	1s	0	UNKNOWN	-termination -domain octagons	1s	0	UNKNOWN	-termination -domain polyhedra
	NOTE: same as Stockholm_true-termination
tests/sv-termination-crafted/Gothenburg_true-termination.c	1s	0	UNKNOWN	-termination	1s	0	UNKNOWN	-termination -domain octagons	1s	0	UNKNOWN	-termination -domain polyhedra
	NOTE: same as Stockholm_true-termination
tests/sv-termination-crafted/Gothenburg_v2_true-termination.c	1s	0	UNKNOWN	-termination	1s	0	UNKNOWN	-termination -domain octagons	1s	0	UNKNOWN	-termination -domain polyhedra
	NOTE: McCarthy algorithm
tests/sv-termination-crafted/McCarthy91_Iteration_true-termination.c	1s	0	UNKNOWN	-termination	1s	0	UNKNOWN	-termination -domain octagons	1s	0	UNKNOWN	-termination -domain polyhedra
	NOTE: phases
tests/sv-termination-crafted/Mysore_true-termination.c	1s	0	UNKNOWN	-termination	1s	0	UNKNOWN	-termination -domain octagons	1s	0	UNKNOWN	-termination -domain polyhedra
	TODO: check why this fails
tests/sv-termination-crafted/Parallel_true-termination.c	1s	0	UNKNOWN	-termination	1s	0	UNKNOWN	-termination -domain octagons	1s	0	UNKNOWN	-termination -domain polyhedra
	NOTE: I have no idea how to detect termination on this...
tests/sv-termination-crafted/Piecewise_true-termination.c	1s	0	UNKNOWN	-termination	1s	0	UNKNOWN	-termination -domain octagons	1s	0	UNKNOWN	-termination -domain polyhedra
	NOTE: phases
tests/sv-termination-crafted/Pure3Phase_true-termination.c	1s	0	UNKNOWN	-termination	1s	0	UNKNOWN	-termination -domain octagons	1s	0	UNKNOWN	-termination -domain polyhedra
	NOTE: x is strictly decreasing
tests/sv-termination-crafted/Singapore_true-termination.c	1s	0	UNKNOWN	-termination	1s	0	UNKNOWN	-termination -domain octagons	1s	0	UNKNOWN	-termination -domain polyhedra
	NOTE: this seems like an easy one (should be able to detect with the octagons domain, but fails to widen)
tests/sv-termination-crafted/Stockholm_true-termination.c	1s	0	UNKNOWN	-termination	1s	0	UNKNOWN	-termination -domain octagons	1s	0	UNKNOWN	-termination -domain polyhedra
	NOTE: min(x, y) is strictly decreasing every step
tests/sv-termination-crafted/TelAviv-Amir-Minimum_true-termination.c	1s	0	UNKNOWN	-termination	1s	0	UNKNOWN	-termination -domain octagons	1s	0	UNKNOWN	-termination -domain polyhedra
	NOTE: needs to do a loop unfolding
tests/sv-termination-crafted/Thun_true-termination.c	1s	0	UNKNOWN	-termination	1s	0	UNKNOWN	-termination -domain octagons	1s	0	UNKNOWN	-termination -domain polyhedra
	TODO: why is there a top?(?)
tests/sv-termination-crafted/Toulouse-BranchesToLoop_true-termination.c	1s	0	UNKNOWN	-termination	1s	0	UNKNOWN	-termination -domain octagons	1s	0	UNKNOWN	-termination -domain polyhedra
	TODO: why is there a top?
tests/sv-termination-crafted/Toulouse-MultiBranchesToLoop_true-termination.c	1s	0	UNKNOWN	-termination	1s	0	UNKNOWN	-termination -domain octagons	1s	0	UNKNOWN	-termination -domain polyhedra
	NOTE: this is due to the better adjacency algorithm
tests/termination/cav2006.c	1s	0	UNKNOWN	-termination	1s	0	UNKNOWN	-termination -domain octagons	1s	0	UNKNOWN	-termination -domain polyhedra
	TODO: why is there a top?
tests/termination/example1a.c	1s	0	UNKNOWN	-termination	1s	0	UNKNOWN	-termination -domain octagons	1s	0	UNKNOWN	-termination -domain polyhedra
	TODO: why is there a top?
tests/termination/example1b.c	1s	0	UNKNOWN	-termination	1s	0	UNKNOWN	-termination -domain octagons	1s	0	UNKNOWN	-termination -domain polyhedra
	TODO: why is there a top?
tests/termination/example1c.c	1s	0	UNKNOWN	-termination	1s	0	UNKNOWN	-termination -domain octagons	1s	0	UNKNOWN	-termination -domain polyhedra
	TODO: why?
tests/termination/example1d.c	1s	0	UNKNOWN	-termination	1s	0	UNKNOWN	-termination -domain octagons	1s	0	UNKNOWN	-termination -domain polyhedra
	TODO: why is there a top?
tests/termination/example1e.c	1s	0	UNKNOWN	-termination	1s	0	UNKNOWN	-termination -domain octagons	1s	0	UNKNOWN	-termination -domain polyhedra
	TODO: why is there a top?
tests/termination/vijay.c	1s	0	UNKNOWN	-termination	1s	0	UNKNOWN	-termination -domain octagons	1s	0	UNKNOWN	-termination -domain polyhedra

	Recursion, arrays, pointers and labels
	---------  ------  --------     ------
tests/ctl/koskinen/fig8-2007.c	1s	2		-termination	1s	2		-termination -domain octagons	1s	2		-termination -domain polyhedra
tests/ctl/koskinen/fig8-2007_mod.c	1s	2		-termination	1s	2		-termination -domain octagons	1s	2		-termination -domain polyhedra
tests/ctl/ltl_automizer/coolant_basis_1_safe_sfty.c	1s	0	TRUE	-termination	1s	0	TRUE	-termination -domain octagons	1s	0	TRUE	-termination -domain polyhedra
tests/ctl/ltl_automizer/coolant_basis_2_safe_lifeness.c	1s	0	TRUE	-termination	1s	0	TRUE	-termination -domain octagons	1s	0	TRUE	-termination -domain polyhedra
tests/ctl/ltl_automizer/coolant_basis_3_safe_sfty.c	1s	0	UNKNOWN	-termination	1s	0	UNKNOWN	-termination -domain octagons	1s	0	UNKNOWN	-termination -domain polyhedra
tests/ctl/ltl_automizer/coolant_basis_4_safe_sfty.c	1s	0	UNKNOWN	-termination	1s	0	UNKNOWN	-termination -domain octagons	1s	0	UNKNOWN	-termination -domain polyhedra
tests/ctl/ltl_automizer/coolant_basis_5_safe_cheat.c	1s	0	UNKNOWN	-termination	1s	0	UNKNOWN	-termination -domain octagons	1s	0	UNKNOWN	-termination -domain polyhedra
tests/ctl/ltl_automizer/coolant_basis_5_safe_sfty.c	1s	0	UNKNOWN	-termination	1s	0	UNKNOWN	-termination -domain octagons	1s	0	UNKNOWN	-termination -domain polyhedra
tests/ctl/ltl_automizer/coolant_basis_6_safe_sfty.c	1s	0	UNKNOWN	-termination	1s	0	UNKNOWN	-termination -domain octagons	1s	0	UNKNOWN	-termination -domain polyhedra
tests/ctl/ltl_automizer/coolant_basis_1_unsafe_sfty.c	1s	0	TRUE	-termination	1s	0	TRUE	-termination -domain octagons	1s	0	TRUE	-termination -domain polyhedra
tests/ctl/ltl_automizer/coolant_basis_2_unsafe_lifeness.c	1s	0	TRUE	-termination	1s	0	TRUE	-termination -domain octagons	1s	0	TRUE	-termination -domain polyhedra
tests/ctl/ltl_automizer/coolant_basis_3_unsafe_sfty.c	1s	0	UNKNOWN	-termination	1s	0	UNKNOWN	-termination -domain octagons	1s	0	UNKNOWN	-termination -domain polyhedra
tests/ctl/ltl_automizer/coolant_basis_4_unsafe_sfty.c	1s	0	UNKNOWN	-termination	1s	0	UNKNOWN	-termination -domain octagons	1s	0	UNKNOWN	-termination -domain polyhedra
tests/ctl/ltl_automizer/coolant_basis_5_unsafe_sfty.c	1s	0	UNKNOWN	-termination	1s	0	UNKNOWN	-termination -domain octagons	1s	0	UNKNOWN	-termination -domain polyhedra
tests/ctl/ltl_automizer/coolant_basis_6_unsafe_sfty.c	1s	0	UNKNOWN	-termination	1s	0	UNKNOWN	-termination -domain octagons	1s	0	UNKNOWN	-termination -domain polyhedra
tests/ctl/ltl_automizer/simple-2.c	1s	0	UNKNOWN	-termination	1s	0	UNKNOWN	-termination -domain octagons	1s	0	UNKNOWN	-termination -domain polyhedra
tests/ctl/ltl_automizer/timer-intermediate.c	1s	2		-termination	1s	2		-termination -domain octagons	1s	2		-termination -domain polyhedra
tests/sv_termination/Ackermann01_true-termination.c	1s	2		-termination	1s	2		-termination -domain octagons	1s	2		-termination -domain polyhedra
tests/sv_termination/Addition01_true-termination.c	1s	0	UNKNOWN	-termination	1s	0	UNKNOWN	-termination -domain octagons	1s	0	UNKNOWN	-termination -domain polyhedra
tests/sv_termination/Avg_true_true-termination.c	1s	0	TRUE	-termination	1s	0	TRUE	-termination -domain octagons	1s	0	TRUE	-termination -domain polyhedra
tests/sv_termination/Binomial_true-termination.c	1s	0	UNKNOWN	-termination	1s	0	TRUE	-termination -domain octagons	1s	0	TRUE	-termination -domain polyhedra
tests/sv_termination/Et1_true_true-termination.c	1s	0	TRUE	-termination	1s	0	TRUE	-termination -domain octagons	1s	0	TRUE	-termination -domain polyhedra
tests/sv_termination/Et2_true_true-termination.c	1s	0	TRUE	-termination	1s	0	TRUE	-termination -domain octagons	1s	0	TRUE	-termination -domain polyhedra
tests/sv_termination/Et3_true_true-termination.c	1s	0	TRUE	-termination	1s	0	TRUE	-termination -domain octagons	1s	0	TRUE	-termination -domain polyhedra
tests/sv_termination/Et4_true_true-termination.c	1s	0	TRUE	-termination	1s	0	TRUE	-termination -domain octagons	1s	0	TRUE	-termination -domain polyhedra
tests/sv_termination/EvenOdd01_true-termination.c	1s	0	TRUE	-termination	1s	0	TRUE	-termination -domain octagons	1s	0	TRUE	-termination -domain polyhedra
tests/sv_termination/Fibonacci01_true-termination.c	1s	0	UNKNOWN	-termination	1s	0	UNKNOWN	-termination -domain octagons	1s	0	UNKNOWN	-termination -domain polyhedra
tests/sv_termination/gcd01_true-termination.c	1s	0	UNKNOWN	-termination	1s	0	UNKNOWN	-termination -domain octagons	1s	0	UNKNOWN	-termination -domain polyhedra
tests/sv_termination/LeUserDefRec_true-termination.c	1s	0	UNKNOWN	-termination	1s	0	UNKNOWN	-termination -domain octagons	1s	0	UNKNOWN	-termination -domain polyhedra
tests/sv_termination/LogRecursive_true-termination.c	1s	0	TRUE	-termination	1s	0	TRUE	-termination -domain octagons	1s	0	TRUE	-termination -domain polyhedra
tests/sv_termination/MultCommutative_true-termination.c	1s	0	UNKNOWN	-termination	1s	0	UNKNOWN	-termination -domain octagons	1s	0	UNKNOWN	-termination -domain polyhedra
tests/sv_termination/Parts_true-termination.c	1s	0	UNKNOWN	-termination	1s	0	TRUE	-termination -domain octagons	1s	0	TRUE	-termination -domain polyhedra
tests/sv_termination/rec_counter1_true-termination.c	1s	0	UNKNOWN	-termination	1s	0	UNKNOWN	-termination -domain octagons	1s	0	UNKNOWN	-termination -domain polyhedra
tests/sv_termination/rec_counter3_true-termination.c	1s	0	UNKNOWN	-termination	1s	0	UNKNOWN	-termination -domain octagons	1s	0	UNKNOWN	-termination -domain polyhedra
tests/sv_termination/recHanoi02_true-termination.c	1s	0	UNKNOWN	-termination	1s	0	UNKNOWN	-termination -domain octagons	1s	0	UNKNOWN	-termination -domain polyhedra
tests/sv_termination/TerminatorRec02_true-termination.c	1s	0	UNKNOWN	-termination	1s	0	UNKNOWN	-termination -domain octagons	1s	0	UNKNOWN	-termination -domain polyhedra
tests/sv_termination/twisted_true-termination.c	1s	2		-termination	1s	2		-termination -domain octagons	1s	2		-termination -domain polyhedra
tests/sv_termination/TwoWay_true-termination.c	1s	0	UNKNOWN	-termination	1s	0	UNKNOWN	-termination -domain octagons	1s	0	UNKNOWN	-termination -domain polyhedra
	NOTE octagons are slower than polyhedra (by ~1.5s)
tests/sv-termination-crafted/4BitCounterPointer_true-termination.c	1s	0	TRUE	-termination	4s	0	TRUE	-termination -domain octagons	3s	0	TRUE	-termination -domain polyhedra
tests/sv-termination-crafted/Ackermann_false-termination.c	1s	2		-termination	1s	2		-termination -domain octagons	1s	2		-termination -domain polyhedra
tests/sv-termination-crafted/Ackermann_true-termination.c	1s	2		-termination	1s	2		-termination -domain octagons	1s	2		-termination -domain polyhedra
tests/sv-termination-crafted/Arrays01-EquivalentConstantIndices_true-termination.c	1s	2		-termination	1s	2		-termination -domain octagons	1s	2		-termination -domain polyhedra
tests/sv-termination-crafted/Arrays02-EquivalentConstantIndices_false-termination.c	1s	2		-termination	1s	2		-termination -domain octagons	1s	2		-termination -domain polyhedra
tests/sv-termination-crafted/Arrays03-ValueRestictsIndex_true-termination.c	1s	2		-termination	1s	2		-termination -domain octagons	1s	2		-termination -domain polyhedra
tests/sv-termination-crafted/Binary_Search_false-termination.c	1s	0	UNKNOWN	-termination	1s	0	UNKNOWN	-termination -domain octagons	1s	0	UNKNOWN	-termination -domain polyhedra
tests/sv-termination-crafted/LexIndexValue-Array_true-termination.c	1s	2		-termination	1s	2		-termination -domain octagons	1s	2		-termination -domain polyhedra
tests/sv-termination-crafted/LexIndexValue-Pointer_false-valid-deref.c	1s	2		-termination	1s	2		-termination -domain octagons	1s	2		-termination -domain polyhedra
tests/sv-termination-crafted/LexIndexValue-Pointer_true-termination.c	1s	0	UNKNOWN	-termination	1s	0	UNKNOWN	-termination -domain octagons	1s	0	UNKNOWN	-termination -domain polyhedra
tests/sv-termination-crafted/NonTermination3_false-termination.c	1s	2		-termination	1s	2		-termination -domain octagons	1s	2		-termination -domain polyhedra
tests/sv-termination-crafted/RecursiveMultiplication_true-termination.c	1s	0	UNKNOWN	-termination	1s	0	UNKNOWN	-termination -domain octagons	1s	0	UNKNOWN	-termination -domain polyhedra
tests/termination/recursion.c	1s	0	UNKNOWN	-termination	1s	0	UNKNOWN	-termination -domain octagons	1s	0	UNKNOWN	-termination -domain polyhedra

	TODO: FIXME:
	'-ordinals 1 -domain octagons' finishes fast and returns TRUE (normal)
	'-domain octagons' finishes fast and returns UNKNOWN (normal)
	'-refine -domain octagons' finishes SLOWLY (ABNORMAL) and returns UNKNOWN (normal)
	'-refine -ordinals 1 -domain octagons' finishes SLOWLY (ABNORMAL) and returns UNKNOWN (ABNORMAL)
	=> '-refine' BREAKS THIS TEST with the octagons domain
tests/sv-termination-crafted/easy2_true-termination.c	1s	0	UNKNOWN	-termination	1s	0	UNKNOWN	-termination -domain octagons	1s	0	UNKNOWN	-termination -domain polyhedra	1s	0	TRUE	-termination -domain octagons -ordinals 1	1s	0	TRUE	-termination -domain polyhedra -ordinals 1

	TODO: FIXME: fails to terminate
tests/robust/sv_comp/safe/sv_lock2.c	1s	124		-termination	1s	124		-termination -domain octagons	1s	124		-termination -domain polyhedra
